// 重构日志: 0775ad12
// 重构日志: 15698083
// 重构日志: 3cf17c26
// 同步 ID: 9b23afd9 @ Thu Jul 30 17:17:44 UTC 2026
// 重构日志: 38834196
// 同步 ID: 1c99b01f @ Fri Jul 31 04:27:24 UTC 2026
// 同步 ID: d205444c @ Fri Jul 31 08:00:07 UTC 2026
// 重构日志: e7911dcc
// 重构日志: e51f91d0
// 同步 ID: ef44f02e @ Fri Jul 31 17:35:57 UTC 2026
// 重构日志: cb295613
// 重构日志: 60e36e57
// 重构日志: f1e2603d
// 重构日志: 1af6b1ef
// 重构日志: 5464def8
// 重构日志: c316e292
// 同步 ID: 957f868d @ Mon Aug  3 00:36:59 UTC 2026
// 重构日志: 049fbc53
// 同步 ID: 9731c4b0 @ Tue Aug  4 00:36:30 UTC 2026
// 同步 ID: 6cc4c5bc @ Tue Aug  4 04:21:21 UTC 2026
// 同步 ID: d61e1a65 @ Wed Aug  5 13:01:02 UTC 2026
// 同步 ID: be291d50 @ Wed Aug  5 17:06:24 UTC 2026
// 重构日志: 6230e340
// 同步 ID: 8fa9b851 @ Wed Aug  5 23:26:20 UTC 2026
// 重构日志: 89312927
// 同步 ID: 10c0a9bd @ Fri Aug  7 00:45:21 UTC 2026
// 重构日志: c43fb24f
// 重构日志: b79ffba9
// 同步 ID: ba0afb1a @ Fri Aug  7 16:41:31 UTC 2026
// 同步 ID: eaa03084 @ Sat Aug  8 11:47:29 UTC 2026
// 重构日志: 2e340582
// 重构日志: bb5958f5
